$ tsc --noEmit
src/components/common/MountAtom.tsx(1,10): error TS2724: '"@stan/core"' has no exported member named 'GattableAtom'. Did you mean 'GettableAtom'?
src/components/common/MountAtom.tsx(16,27): error TS2551: Property 'observeAtomValue' does not exist on type 'Store'. Did you mean 'observeAtom'?
src/components/common/MountAtom.tsx(16,51): error TS7006: Parameter 'value' implicitly has an 'any' type.
src/components/common/PrintAtom.tsx(3,10): error TS2724: '"@stan/core"' has no exported member named 'GattableAtom'. Did you mean 'GettableAtom'?
src/components/common/ToggleMountAtom.tsx(1,10): error TS2724: '"@stan/core"' has no exported member named 'GattableAtom'. Did you mean 'GettableAtom'?
src/routes/tests/cyclic-dependency.tsx(8,45): error TS2345: Argument of type 'number' is not assignable to parameter of type 'MutableAtomGetInitialValue<number>'.
src/routes/tests/mounting.tsx(8,33): error TS2345: Argument of type 'number' is not assignable to parameter of type 'MutableAtomGetInitialValue<unknown>'.
src/routes/tests/mounting.tsx(9,33): error TS2345: Argument of type 'number' is not assignable to parameter of type 'MutableAtomGetInitialValue<unknown>'.
src/routes/tests/mounting.tsx(10,49): error TS2345: Argument of type 'string' is not assignable to parameter of type 'MutableAtomGetInitialValue<"A" | "B">'.
src/routes/tests/mounting.tsx(66,51): error TS18046: 'val' is of type 'unknown'.
src/routes/tests/mounting.tsx(67,51): error TS18046: 'val' is of type 'unknown'.
src/routes/tests/promise.tsx(6,37): error TS2345: Argument of type 'number' is not assignable to parameter of type 'MutableAtomGetInitialValue<unknown>'.
src/routes/tests/promise.tsx(11,30): error TS2345: Argument of type 'unknown' is not assignable to parameter of type 'number | PromiseLike<number>'.
src/routes/tests/promise.tsx(35,20): error TS18046: 'currentCount' is of type 'unknown'.
src/routes/tests/proxy.tsx(8,37): error TS2769: No overload matches this call.
  Overload 1 of 2, '(getInitialValue: MutableAtomGetInitialValue<unknown>, write?: undefined, options?: CreateGettableAtomOptions<unknown, unknown> | undefined): MutableAtom<...>', gave the following error.
    Argument of type 'number' is not assignable to parameter of type 'MutableAtomGetInitialValue<unknown>'.
  Overload 2 of 2, '(getInitialValue: MutableAtomGetInitialValue<unknown>, write: AtomWrite<unknown, unknown>, options?: CreateGettableAtomOptions<unknown, unknown> | undefined): MutableAtom<...>', gave the following error.
    Argument of type 'number' is not assignable to parameter of type 'MutableAtomGetInitialValue<unknown>'.
src/routes/tests/proxy.tsx(15,24): error TS2769: No overload matches this call.
  Overload 1 of 3, '(read: AtomRead<unknown>, callback?: undefined, options?: CreateGettableAtomOptions<unknown, never> | undefined): GettableAtom<unknown, never, "derived">', gave the following error.
    Argument of type '({ set }: AtomCallbackArgs, update: string) => void' is not assignable to parameter of type 'undefined'.
  Overload 2 of 3, '(read: AtomRead<string>, callback: (args: AtomCallbackArgs, value: string, derivedValue: void) => void, options?: CreateGettableAtomOptions<string, never> | undefined): DerivedAtom<...>', gave the following error.
    Type 'unknown' is not assignable to type 'string'.
  Overload 3 of 3, '(read: AtomRead<string>, callback: (args: AtomCallbackArgs, value: string, derivedValue: unknown) => void, options?: CreateGettableAtomOptions<string, never> | undefined): DerivedAtom<...>', gave the following error.
    Type 'unknown' is not assignable to type 'string'.
src/routes/tests/proxy.tsx(30,38): error TS2769: No overload matches this call.
  Overload 1 of 2, '(getInitialValue: MutableAtomGetInitialValue<unknown>, write?: undefined, options?: CreateGettableAtomOptions<unknown, unknown> | undefined): MutableAtom<...>', gave the following error.
    Argument of type 'number' is not assignable to parameter of type 'MutableAtomGetInitialValue<unknown>'.
  Overload 2 of 2, '(getInitialValue: MutableAtomGetInitialValue<unknown>, write: AtomWrite<unknown, unknown>, options?: CreateGettableAtomOptions<unknown, unknown> | undefined): MutableAtom<...>', gave the following error.
    Argument of type 'number' is not assignable to parameter of type 'MutableAtomGetInitialValue<unknown>'.
src/routes/tests/proxy.tsx(36,12): error TS2571: Object is of type 'unknown'.
src/routes/tests/proxy.tsx(36,29): error TS2571: Object is of type 'unknown'.
src/routes/tests/proxy.tsx(100,44): error TS2769: No overload matches this call.
  Overload 1 of 3, '(writableAtom: DerivedAtom<unknown, unknown, unknown>): CallbackSetAtom<unknown, unknown, unknown> | undefined', gave the following error.
    Argument of type 'GettableAtom<unknown, never, "derived">' is not assignable to parameter of type 'DerivedAtom<unknown, unknown, unknown>'.
      Property 'callback' is missing in type 'GettableAtom<unknown, never, "derived">' but required in type '{ callback: (args: AtomCallbackArgs, value: unknown, derivedValue: unknown) => unknown; }'.
  Overload 2 of 3, '(writableAtom: MutableAtom<unknown, never>): CallbackSetAtom<never, unknown, unknown>', gave the following error.
    Argument of type 'GettableAtom<unknown, never, "derived">' is not assignable to parameter of type 'MutableAtom<unknown, never>'.
      Type 'GettableAtom<unknown, never, "derived">' is not assignable to type 'GettableAtom<unknown, never, "mutable">'.
        Types of property 'type' are incompatible.
          Type '"derived"' is not assignable to type '"mutable"'.
  Overload 3 of 3, '(writableAtom: CallbackAtom<unknown, unknown>): CallbackSetAtom<unknown, unknown, undefined>', gave the following error.
    Argument of type 'GettableAtom<unknown, never, "derived">' is not assignable to parameter of type 'CallbackAtom<unknown, unknown>'.
      Type 'GettableAtom<unknown, never, "derived">' is not assignable to type '{ type: "callback"; }'.
        Types of property 'type' are incompatible.
          Type '"derived"' is not assignable to type '"callback"'.
src/routes/tests/proxy.tsx(115,30): error TS2722: Cannot invoke an object which is possibly 'undefined'.
src/routes/tests/proxy.tsx(115,60): error TS18046: 'val' is of type 'unknown'.
src/routes/tests/proxy.tsx(116,30): error TS2722: Cannot invoke an object which is possibly 'undefined'.
src/routes/tests/proxy.tsx(116,60): error TS18046: 'val' is of type 'unknown'.
src/testing-scenarios/CyclicDependency.tsx(6,37): error TS2769: No overload matches this call.
  Overload 1 of 2, '(getInitialValue: MutableAtomGetInitialValue<unknown>, write?: undefined, options?: CreateGettableAtomOptions<unknown, unknown> | undefined): MutableAtom<...>', gave the following error.
    Argument of type 'number' is not assignable to parameter of type 'MutableAtomGetInitialValue<unknown>'.
  Overload 2 of 2, '(getInitialValue: MutableAtomGetInitialValue<unknown>, write: AtomWrite<unknown, unknown>, options?: CreateGettableAtomOptions<unknown, unknown> | undefined): MutableAtom<...>', gave the following error.
    Argument of type 'number' is not assignable to parameter of type 'MutableAtomGetInitialValue<unknown>'.
src/testing-scenarios/CyclicDependency.tsx(11,3): error TS2345: Argument of type '({ get, scheduleSet }: AtomReadArgs) => unknown' is not assignable to parameter of type 'AtomRead<number>'.
  Type 'unknown' is not assignable to type 'number'.
src/testing-scenarios/CyclicDependency.tsx(13,23): error TS18046: 'value' is of type 'unknown'.
src/testing-scenarios/CyclicDependency.tsx(29,21): error TS18046: 'value' is of type 'unknown'.
src/testing-scenarios/CyclicDependency.tsx(44,48): error TS18046: 'val' is of type 'unknown'.
src/testing-scenarios/CyclicDependency.tsx(45,48): error TS18046: 'val' is of type 'unknown'.
src/testing-scenarios/DerivedChainTest.tsx(3,48): error TS2724: '"@stan/core"' has no exported member named 'GattableAtom'. Did you mean 'GettableAtom'?
src/testing-scenarios/DerivedChainTest.tsx(12,46): error TS2571: Object is of type 'unknown'.
src/testing-scenarios/DerivedChainTest.tsx(12,59): error TS2571: Object is of type 'unknown'.
src/testing-scenarios/DerivedChainTest.tsx(18,37): error TS2345: Argument of type 'number' is not assignable to parameter of type 'MutableAtomGetInitialValue<unknown>'.
src/testing-scenarios/DerivedChainTest.tsx(30,48): error TS18046: 'val' is of type 'unknown'.
src/testing-scenarios/DerivedChainTest.tsx(31,48): error TS18046: 'val' is of type 'unknown'.
src/testing-scenarios/MountAtom.tsx(1,10): error TS2724: '"@stan/core"' has no exported member named 'GattableAtom'. Did you mean 'GettableAtom'?
src/testing-scenarios/MountAtom.tsx(10,18): error TS2551: Property 'observeAtomValue' does not exist on type 'Store'. Did you mean 'observeAtom'?
src/testing-scenarios/MountAtom.tsx(10,42): error TS7006: Parameter 'value' implicitly has an 'any' type.
src/testing-scenarios/MountingTest.tsx(7,33): error TS2345: Argument of type 'number' is not assignable to parameter of type 'MutableAtomGetInitialValue<unknown>'.
src/testing-scenarios/MountingTest.tsx(8,33): error TS2345: Argument of type 'number' is not assignable to parameter of type 'MutableAtomGetInitialValue<unknown>'.
src/testing-scenarios/MountingTest.tsx(9,49): error TS2345: Argument of type 'string' is not assignable to parameter of type 'MutableAtomGetInitialValue<"A" | "B">'.
src/testing-scenarios/MountingTest.tsx(58,51): error TS18046: 'val' is of type 'unknown'.
src/testing-scenarios/MountingTest.tsx(59,51): error TS18046: 'val' is of type 'unknown'.
src/testing-scenarios/PrintAtom.tsx(3,10): error TS2724: '"@stan/core"' has no exported member named 'GattableAtom'. Did you mean 'GettableAtom'?
src/testing-scenarios/ProxyTest.tsx(6,37): error TS2769: No overload matches this call.
  Overload 1 of 2, '(getInitialValue: MutableAtomGetInitialValue<unknown>, write?: undefined, options?: CreateGettableAtomOptions<unknown, unknown> | undefined): MutableAtom<...>', gave the following error.
    Argument of type 'number' is not assignable to parameter of type 'MutableAtomGetInitialValue<unknown>'.
  Overload 2 of 2, '(getInitialValue: MutableAtomGetInitialValue<unknown>, write: AtomWrite<unknown, unknown>, options?: CreateGettableAtomOptions<unknown, unknown> | undefined): MutableAtom<...>', gave the following error.
    Argument of type 'number' is not assignable to parameter of type 'MutableAtomGetInitialValue<unknown>'.
src/testing-scenarios/ProxyTest.tsx(13,24): error TS2769: No overload matches this call.
  Overload 1 of 3, '(read: AtomRead<unknown>, callback?: undefined, options?: CreateGettableAtomOptions<unknown, never> | undefined): GettableAtom<unknown, never, "derived">', gave the following error.
    Argument of type '({ set }: AtomCallbackArgs, update: string) => void' is not assignable to parameter of type 'undefined'.
  Overload 2 of 3, '(read: AtomRead<string>, callback: (args: AtomCallbackArgs, value: string, derivedValue: void) => void, options?: CreateGettableAtomOptions<string, never> | undefined): DerivedAtom<...>', gave the following error.
    Type 'unknown' is not assignable to type 'string'.
  Overload 3 of 3, '(read: AtomRead<string>, callback: (args: AtomCallbackArgs, value: string, derivedValue: unknown) => void, options?: CreateGettableAtomOptions<string, never> | undefined): DerivedAtom<...>', gave the following error.
    Type 'unknown' is not assignable to type 'string'.
src/testing-scenarios/ProxyTest.tsx(28,38): error TS2769: No overload matches this call.
  Overload 1 of 2, '(getInitialValue: MutableAtomGetInitialValue<unknown>, write?: undefined, options?: CreateGettableAtomOptions<unknown, unknown> | undefined): MutableAtom<...>', gave the following error.
    Argument of type 'number' is not assignable to parameter of type 'MutableAtomGetInitialValue<unknown>'.
  Overload 2 of 2, '(getInitialValue: MutableAtomGetInitialValue<unknown>, write: AtomWrite<unknown, unknown>, options?: CreateGettableAtomOptions<unknown, unknown> | undefined): MutableAtom<...>', gave the following error.
    Argument of type 'number' is not assignable to parameter of type 'MutableAtomGetInitialValue<unknown>'.
src/testing-scenarios/ProxyTest.tsx(34,12): error TS2571: Object is of type 'unknown'.
src/testing-scenarios/ProxyTest.tsx(34,29): error TS2571: Object is of type 'unknown'.
src/testing-scenarios/ProxyTest.tsx(98,44): error TS2769: No overload matches this call.
  Overload 1 of 3, '(writableAtom: DerivedAtom<unknown, unknown, unknown>): CallbackSetAtom<unknown, unknown, unknown> | undefined', gave the following error.
    Argument of type 'GettableAtom<unknown, never, "derived">' is not assignable to parameter of type 'DerivedAtom<unknown, unknown, unknown>'.
      Property 'callback' is missing in type 'GettableAtom<unknown, never, "derived">' but required in type '{ callback: (args: AtomCallbackArgs, value: unknown, derivedValue: unknown) => unknown; }'.
  Overload 2 of 3, '(writableAtom: MutableAtom<unknown, never>): CallbackSetAtom<never, unknown, unknown>', gave the following error.
    Argument of type 'GettableAtom<unknown, never, "derived">' is not assignable to parameter of type 'MutableAtom<unknown, never>'.
      Type 'GettableAtom<unknown, never, "derived">' is not assignable to type 'GettableAtom<unknown, never, "mutable">'.
        Types of property 'type' are incompatible.
          Type '"derived"' is not assignable to type '"mutable"'.
  Overload 3 of 3, '(writableAtom: CallbackAtom<unknown, unknown>): CallbackSetAtom<unknown, unknown, undefined>', gave the following error.
    Argument of type 'GettableAtom<unknown, never, "derived">' is not assignable to parameter of type 'CallbackAtom<unknown, unknown>'.
      Type 'GettableAtom<unknown, never, "derived">' is not assignable to type '{ type: "callback"; }'.
        Types of property 'type' are incompatible.
          Type '"derived"' is not assignable to type '"callback"'.
src/testing-scenarios/ProxyTest.tsx(113,30): error TS2722: Cannot invoke an object which is possibly 'undefined'.
src/testing-scenarios/ProxyTest.tsx(113,60): error TS18046: 'val' is of type 'unknown'.
src/testing-scenarios/ProxyTest.tsx(114,30): error TS2722: Cannot invoke an object which is possibly 'undefined'.
src/testing-scenarios/ProxyTest.tsx(114,60): error TS18046: 'val' is of type 'unknown'.
[ELIFECYCLE] Command failed with exit code 2.
